// Vitest Snapshot v1, https://vitest.dev/guide/snapshot.html

exports[`SForm.Group > should render correctly 1`] = `
<div>
  <form
    class="ant-form ant-form-vertical css-dev-only-do-not-override-3rel02"
  />
</div>
`;

exports[`SForm.Group > should render correctly with groupItems 1`] = `
<div>
  <form
    class="ant-form ant-form-vertical css-dev-only-do-not-override-3rel02"
  >
    <div
      class="ant-card ant-card-bordered css-dev-only-do-not-override-3rel02"
      style="margin-bottom: 16px; padding: 16px 24px; border-radius: 8px;"
    >
      <div
        class="ant-card-body"
        style="padding: 0px;"
      >
        <div
          class="acss-16ye7hh"
          style="margin-bottom: 16px;"
        >
          <div
            class="acss-70qvj9"
          >
            <span
              class="anticon acss-1y0qfxu"
              role="img"
            >
              <svg
                aria-hidden="true"
                class=""
                fill="currentColor"
                focusable="false"
                height="1em"
                version="1.1"
                viewBox="0 0 16 16"
                width="1em"
                xmlns="http://www.w3.org/2000/svg"
                xmlns:xlink="http://www.w3.org/1999/xlink"
              >
                <g
                  fill="none"
                  fill-rule="evenodd"
                  id="页面-1"
                  stroke="none"
                  stroke-width="1"
                >
                  <g
                    id="组件-组件编目-基本信息"
                    transform="translate(-284.000000, -335.000000)"
                  >
                    <g
                      id="编组-4备份"
                      transform="translate(284.000000, 331.000000)"
                    >
                      <g
                        id="网络"
                        transform="translate(0.000000, 4.000000)"
                      >
                        <rect
                          fill="#000000"
                          fill-rule="nonzero"
                          height="16"
                          id="矩形"
                          opacity="0"
                          width="16"
                          x="0"
                          y="0"
                        />
                        <rect
                          fill="#2D7AF7"
                          height="16"
                          id="矩形"
                          width="2"
                          x="4"
                          y="0"
                        />
                        <rect
                          fill="#2D7AF7"
                          height="8"
                          id="矩形备份-3"
                          width="2"
                          x="9"
                          y="4"
                        />
                      </g>
                    </g>
                  </g>
                </g>
              </svg>
            </span>
            <div
              class="acss-13zb43w"
              style="font-size: 16px;"
            >
              基础信息
            </div>
          </div>
          <div
            class="acss-k008qs"
          />
        </div>
        <div
          class="ant-row css-dev-only-do-not-override-3rel02"
          style="margin-left: -12px; margin-right: -12px; row-gap: 16px;"
        >
          <div
            class="ant-col ant-col-12 css-dev-only-do-not-override-3rel02"
            style="padding-left: 12px; padding-right: 12px;"
          >
            <div
              class="ant-form-item css-dev-only-do-not-override-3rel02"
            >
              <div
                class="ant-row ant-form-item-row css-dev-only-do-not-override-3rel02"
              >
                <div
                  class="ant-col ant-form-item-label css-dev-only-do-not-override-3rel02"
                >
                  <label
                    class="ant-form-item-required ant-form-item-no-colon"
                    for="userName"
                    title="用户名称"
                  >
                    用户名称
                  </label>
                </div>
                <div
                  class="ant-col ant-form-item-control css-dev-only-do-not-override-3rel02"
                >
                  <div
                    class="ant-form-item-control-input"
                  >
                    <div
                      class="ant-form-item-control-input-content"
                    >
                      <span
                        class="ant-input-affix-wrapper css-dev-only-do-not-override-3rel02 ant-input-outlined"
                      >
                        <input
                          aria-required="true"
                          class="ant-input css-dev-only-do-not-override-3rel02"
                          id="userName"
                          placeholder="请输入"
                          type="text"
                          value=""
                        />
                        <span
                          class="ant-input-suffix"
                        >
                          <span
                            class="ant-input-clear-icon ant-input-clear-icon-hidden"
                            role="button"
                            tabindex="-1"
                          >
                            <span
                              aria-label="close-circle"
                              class="anticon anticon-close-circle"
                              role="img"
                            >
                              <svg
                                aria-hidden="true"
                                data-icon="close-circle"
                                fill="currentColor"
                                fill-rule="evenodd"
                                focusable="false"
                                height="1em"
                                viewBox="64 64 896 896"
                                width="1em"
                              >
                                <path
                                  d="M512 64c247.4 0 448 200.6 448 448S759.4 960 512 960 64 759.4 64 512 264.6 64 512 64zm127.98 274.82h-.04l-.08.06L512 466.75 384.14 338.88c-.04-.05-.06-.06-.08-.06a.12.12 0 00-.07 0c-.03 0-.05.01-.09.05l-45.02 45.02a.2.2 0 00-.05.09.12.12 0 000 .07v.02a.27.27 0 00.06.06L466.75 512 338.88 639.86c-.05.04-.06.06-.06.08a.12.12 0 000 .07c0 .03.01.05.05.09l45.02 45.02a.2.2 0 00.09.05.12.12 0 00.07 0c.02 0 .04-.01.08-.05L512 557.25l127.86 127.87c.04.04.06.05.08.05a.12.12 0 00.07 0c.03 0 .05-.01.09-.05l45.02-45.02a.2.2 0 00.05-.09.12.12 0 000-.07v-.02a.27.27 0 00-.05-.06L557.25 512l127.87-127.86c.04-.04.05-.06.05-.08a.12.12 0 000-.07c0-.03-.01-.05-.05-.09l-45.02-45.02a.2.2 0 00-.09-.05.12.12 0 00-.07 0z"
                                />
                              </svg>
                            </span>
                          </span>
                        </span>
                      </span>
                    </div>
                  </div>
                </div>
              </div>
            </div>
          </div>
          <div
            class="ant-col ant-col-12 css-dev-only-do-not-override-3rel02"
            style="padding-left: 12px; padding-right: 12px;"
          >
            <div
              class="ant-form-item css-dev-only-do-not-override-3rel02"
            >
              <div
                class="ant-row ant-form-item-row css-dev-only-do-not-override-3rel02"
              >
                <div
                  class="ant-col ant-form-item-label css-dev-only-do-not-override-3rel02"
                >
                  <label
                    class="ant-form-item-required ant-form-item-no-colon"
                    for="userPhone"
                    title="用户电话"
                  >
                    用户电话
                  </label>
                </div>
                <div
                  class="ant-col ant-form-item-control css-dev-only-do-not-override-3rel02"
                >
                  <div
                    class="ant-form-item-control-input"
                  >
                    <div
                      class="ant-form-item-control-input-content"
                    >
                      <span
                        class="ant-input-affix-wrapper css-dev-only-do-not-override-3rel02 ant-input-outlined"
                      >
                        <input
                          aria-required="true"
                          class="ant-input css-dev-only-do-not-override-3rel02"
                          id="userPhone"
                          placeholder="请输入"
                          type="text"
                          value=""
                        />
                        <span
                          class="ant-input-suffix"
                        >
                          <span
                            class="ant-input-clear-icon ant-input-clear-icon-hidden"
                            role="button"
                            tabindex="-1"
                          >
                            <span
                              aria-label="close-circle"
                              class="anticon anticon-close-circle"
                              role="img"
                            >
                              <svg
                                aria-hidden="true"
                                data-icon="close-circle"
                                fill="currentColor"
                                fill-rule="evenodd"
                                focusable="false"
                                height="1em"
                                viewBox="64 64 896 896"
                                width="1em"
                              >
                                <path
                                  d="M512 64c247.4 0 448 200.6 448 448S759.4 960 512 960 64 759.4 64 512 264.6 64 512 64zm127.98 274.82h-.04l-.08.06L512 466.75 384.14 338.88c-.04-.05-.06-.06-.08-.06a.12.12 0 00-.07 0c-.03 0-.05.01-.09.05l-45.02 45.02a.2.2 0 00-.05.09.12.12 0 000 .07v.02a.27.27 0 00.06.06L466.75 512 338.88 639.86c-.05.04-.06.06-.06.08a.12.12 0 000 .07c0 .03.01.05.05.09l45.02 45.02a.2.2 0 00.09.05.12.12 0 00.07 0c.02 0 .04-.01.08-.05L512 557.25l127.86 127.87c.04.04.06.05.08.05a.12.12 0 00.07 0c.03 0 .05-.01.09-.05l45.02-45.02a.2.2 0 00.05-.09.12.12 0 000-.07v-.02a.27.27 0 00-.05-.06L557.25 512l127.87-127.86c.04-.04.05-.06.05-.08a.12.12 0 000-.07c0-.03-.01-.05-.05-.09l-45.02-45.02a.2.2 0 00-.09-.05.12.12 0 00-.07 0z"
                                />
                              </svg>
                            </span>
                          </span>
                        </span>
                      </span>
                    </div>
                  </div>
                </div>
              </div>
            </div>
          </div>
          <div
            class="ant-col ant-col-12 css-dev-only-do-not-override-3rel02"
            style="padding-left: 12px; padding-right: 12px;"
          >
            <div
              class="ant-form-item css-dev-only-do-not-override-3rel02"
            >
              <div
                class="ant-row ant-form-item-row css-dev-only-do-not-override-3rel02"
              >
                <div
                  class="ant-col ant-form-item-label css-dev-only-do-not-override-3rel02"
                >
                  <label
                    class="ant-form-item-required ant-form-item-no-colon"
                    for="userMsg11"
                    title="用户信息"
                  >
                    用户信息
                  </label>
                </div>
                <div
                  class="ant-col ant-form-item-control css-dev-only-do-not-override-3rel02"
                >
                  <div
                    class="ant-form-item-control-input"
                  >
                    <div
                      class="ant-form-item-control-input-content"
                    >
                      <span
                        class="ant-input-affix-wrapper css-dev-only-do-not-override-3rel02 ant-input-outlined"
                      >
                        <input
                          aria-required="true"
                          class="ant-input css-dev-only-do-not-override-3rel02"
                          id="userMsg11"
                          placeholder="请输入"
                          type="text"
                          value=""
                        />
                        <span
                          class="ant-input-suffix"
                        >
                          <span
                            class="ant-input-clear-icon ant-input-clear-icon-hidden"
                            role="button"
                            tabindex="-1"
                          >
                            <span
                              aria-label="close-circle"
                              class="anticon anticon-close-circle"
                              role="img"
                            >
                              <svg
                                aria-hidden="true"
                                data-icon="close-circle"
                                fill="currentColor"
                                fill-rule="evenodd"
                                focusable="false"
                                height="1em"
                                viewBox="64 64 896 896"
                                width="1em"
                              >
                                <path
                                  d="M512 64c247.4 0 448 200.6 448 448S759.4 960 512 960 64 759.4 64 512 264.6 64 512 64zm127.98 274.82h-.04l-.08.06L512 466.75 384.14 338.88c-.04-.05-.06-.06-.08-.06a.12.12 0 00-.07 0c-.03 0-.05.01-.09.05l-45.02 45.02a.2.2 0 00-.05.09.12.12 0 000 .07v.02a.27.27 0 00.06.06L466.75 512 338.88 639.86c-.05.04-.06.06-.06.08a.12.12 0 000 .07c0 .03.01.05.05.09l45.02 45.02a.2.2 0 00.09.05.12.12 0 00.07 0c.02 0 .04-.01.08-.05L512 557.25l127.86 127.87c.04.04.06.05.08.05a.12.12 0 00.07 0c.03 0 .05-.01.09-.05l45.02-45.02a.2.2 0 00.05-.09.12.12 0 000-.07v-.02a.27.27 0 00-.05-.06L557.25 512l127.87-127.86c.04-.04.05-.06.05-.08a.12.12 0 000-.07c0-.03-.01-.05-.05-.09l-45.02-45.02a.2.2 0 00-.09-.05.12.12 0 00-.07 0z"
                                />
                              </svg>
                            </span>
                          </span>
                        </span>
                      </span>
                    </div>
                  </div>
                </div>
              </div>
            </div>
          </div>
        </div>
      </div>
    </div>
    <div
      class="ant-card ant-card-bordered css-dev-only-do-not-override-3rel02"
      style="margin-bottom: 16px; padding: 16px 24px; border-radius: 8px;"
    >
      <div
        class="ant-card-body"
        style="padding: 0px;"
      >
        <div
          class="acss-16ye7hh"
          style="margin-bottom: 16px;"
        >
          <div
            class="acss-70qvj9"
          >
            <span
              class="anticon acss-1y0qfxu"
              role="img"
            >
              <svg
                aria-hidden="true"
                class=""
                fill="currentColor"
                focusable="false"
                height="1em"
                version="1.1"
                viewBox="0 0 16 16"
                width="1em"
                xmlns="http://www.w3.org/2000/svg"
                xmlns:xlink="http://www.w3.org/1999/xlink"
              >
                <g
                  fill="none"
                  fill-rule="evenodd"
                  id="页面-1"
                  stroke="none"
                  stroke-width="1"
                >
                  <g
                    id="组件-组件编目-基本信息"
                    transform="translate(-284.000000, -335.000000)"
                  >
                    <g
                      id="编组-4备份"
                      transform="translate(284.000000, 331.000000)"
                    >
                      <g
                        id="网络"
                        transform="translate(0.000000, 4.000000)"
                      >
                        <rect
                          fill="#000000"
                          fill-rule="nonzero"
                          height="16"
                          id="矩形"
                          opacity="0"
                          width="16"
                          x="0"
                          y="0"
                        />
                        <rect
                          fill="#2D7AF7"
                          height="16"
                          id="矩形"
                          width="2"
                          x="4"
                          y="0"
                        />
                        <rect
                          fill="#2D7AF7"
                          height="8"
                          id="矩形备份-3"
                          width="2"
                          x="9"
                          y="4"
                        />
                      </g>
                    </g>
                  </g>
                </g>
              </svg>
            </span>
            <div
              class="acss-13zb43w"
              style="font-size: 16px;"
            >
              详细信息
            </div>
          </div>
          <div
            class="acss-k008qs"
          />
        </div>
        <div
          class="ant-row css-dev-only-do-not-override-3rel02"
          style="margin-left: -12px; margin-right: -12px; row-gap: 16px;"
        >
          <div
            class="ant-col ant-col-24 css-dev-only-do-not-override-3rel02"
            style="padding-left: 12px; padding-right: 12px;"
          >
            <div
              class="ant-form-item css-dev-only-do-not-override-3rel02"
            >
              <div
                class="ant-row ant-form-item-row css-dev-only-do-not-override-3rel02"
              >
                <div
                  class="ant-col ant-form-item-label css-dev-only-do-not-override-3rel02"
                >
                  <label
                    class="ant-form-item-no-colon"
                    for="address"
                    title="户籍地址"
                  >
                    户籍地址
                  </label>
                </div>
                <div
                  class="ant-col ant-form-item-control css-dev-only-do-not-override-3rel02"
                >
                  <div
                    class="ant-form-item-control-input"
                  >
                    <div
                      class="ant-form-item-control-input-content"
                    >
                      <span
                        class="ant-input-affix-wrapper ant-input-textarea-affix-wrapper css-dev-only-do-not-override-3rel02 ant-input-textarea-allow-clear ant-input-outlined"
                      >
                        <textarea
                          class="ant-input css-dev-only-do-not-override-3rel02"
                          id="address"
                          placeholder="请输入"
                        />
                        <span
                          class="ant-input-suffix"
                        >
                          <span
                            class="ant-input-clear-icon ant-input-clear-icon-hidden"
                            role="button"
                            tabindex="-1"
                          >
                            <span
                              aria-label="close-circle"
                              class="anticon anticon-close-circle"
                              role="img"
                            >
                              <svg
                                aria-hidden="true"
                                data-icon="close-circle"
                                fill="currentColor"
                                fill-rule="evenodd"
                                focusable="false"
                                height="1em"
                                viewBox="64 64 896 896"
                                width="1em"
                              >
                                <path
                                  d="M512 64c247.4 0 448 200.6 448 448S759.4 960 512 960 64 759.4 64 512 264.6 64 512 64zm127.98 274.82h-.04l-.08.06L512 466.75 384.14 338.88c-.04-.05-.06-.06-.08-.06a.12.12 0 00-.07 0c-.03 0-.05.01-.09.05l-45.02 45.02a.2.2 0 00-.05.09.12.12 0 000 .07v.02a.27.27 0 00.06.06L466.75 512 338.88 639.86c-.05.04-.06.06-.06.08a.12.12 0 000 .07c0 .03.01.05.05.09l45.02 45.02a.2.2 0 00.09.05.12.12 0 00.07 0c.02 0 .04-.01.08-.05L512 557.25l127.86 127.87c.04.04.06.05.08.05a.12.12 0 00.07 0c.03 0 .05-.01.09-.05l45.02-45.02a.2.2 0 00.05-.09.12.12 0 000-.07v-.02a.27.27 0 00-.05-.06L557.25 512l127.87-127.86c.04-.04.05-.06.05-.08a.12.12 0 000-.07c0-.03-.01-.05-.05-.09l-45.02-45.02a.2.2 0 00-.09-.05.12.12 0 00-.07 0z"
                                />
                              </svg>
                            </span>
                          </span>
                        </span>
                      </span>
                    </div>
                  </div>
                </div>
              </div>
            </div>
          </div>
          <div
            class="ant-col ant-col-24 css-dev-only-do-not-override-3rel02"
            style="padding-left: 12px; padding-right: 12px;"
          >
            <div
              class="ant-form-item css-dev-only-do-not-override-3rel02"
            >
              <div
                class="ant-row ant-form-item-row css-dev-only-do-not-override-3rel02"
              >
                <div
                  class="ant-col ant-form-item-label css-dev-only-do-not-override-3rel02"
                >
                  <label
                    class="ant-form-item-no-colon"
                    for="currentAddress"
                    title="现居地址"
                  >
                    现居地址
                  </label>
                </div>
                <div
                  class="ant-col ant-form-item-control css-dev-only-do-not-override-3rel02"
                >
                  <div
                    class="ant-form-item-control-input"
                  >
                    <div
                      class="ant-form-item-control-input-content"
                    >
                      <span
                        class="ant-input-affix-wrapper ant-input-textarea-affix-wrapper css-dev-only-do-not-override-3rel02 ant-input-textarea-allow-clear ant-input-outlined"
                      >
                        <textarea
                          class="ant-input css-dev-only-do-not-override-3rel02"
                          id="currentAddress"
                          placeholder="请输入"
                        />
                        <span
                          class="ant-input-suffix"
                        >
                          <span
                            class="ant-input-clear-icon ant-input-clear-icon-hidden"
                            role="button"
                            tabindex="-1"
                          >
                            <span
                              aria-label="close-circle"
                              class="anticon anticon-close-circle"
                              role="img"
                            >
                              <svg
                                aria-hidden="true"
                                data-icon="close-circle"
                                fill="currentColor"
                                fill-rule="evenodd"
                                focusable="false"
                                height="1em"
                                viewBox="64 64 896 896"
                                width="1em"
                              >
                                <path
                                  d="M512 64c247.4 0 448 200.6 448 448S759.4 960 512 960 64 759.4 64 512 264.6 64 512 64zm127.98 274.82h-.04l-.08.06L512 466.75 384.14 338.88c-.04-.05-.06-.06-.08-.06a.12.12 0 00-.07 0c-.03 0-.05.01-.09.05l-45.02 45.02a.2.2 0 00-.05.09.12.12 0 000 .07v.02a.27.27 0 00.06.06L466.75 512 338.88 639.86c-.05.04-.06.06-.06.08a.12.12 0 000 .07c0 .03.01.05.05.09l45.02 45.02a.2.2 0 00.09.05.12.12 0 00.07 0c.02 0 .04-.01.08-.05L512 557.25l127.86 127.87c.04.04.06.05.08.05a.12.12 0 00.07 0c.03 0 .05-.01.09-.05l45.02-45.02a.2.2 0 00.05-.09.12.12 0 000-.07v-.02a.27.27 0 00-.05-.06L557.25 512l127.87-127.86c.04-.04.05-.06.05-.08a.12.12 0 000-.07c0-.03-.01-.05-.05-.09l-45.02-45.02a.2.2 0 00-.09-.05.12.12 0 00-.07 0z"
                                />
                              </svg>
                            </span>
                          </span>
                        </span>
                      </span>
                    </div>
                  </div>
                </div>
              </div>
            </div>
          </div>
        </div>
      </div>
    </div>
  </form>
  ,
</div>
`;

exports[`SForm.Group > should support  children 1`] = `<div />`;

exports[`SForm.Group > should support dynamicContainer 1`] = `<div />`;
